{
    "units": {
        "00000000": {
            "name": "Land Raider",
            "factionKeywords": [
                "Grey Knights",
                "Imperium",
                "Sanctic Astartes"
            ],
            "keywords": [
                "Transport",
                "Vehicle",
                "Land Raider",
                "<Brotherhood>",
                "Machine Spirit",
                "Smokescreen"
            ],
            "abilities": {},
            "models": {
                "models": {
                    "0101010101010101": {
                        "name": "Land Raider",
                        "abilities": [
                            "Explodes (D6)"
                        ],
                        "weapons": [
                            {
                                "name": "Twin Heavy Bolter",
                                "number": 1
                            },
                            {
                                "name": "Twin Lascannon",
                                "number": 1
                            }
                        ],
                        "number": 1
                    }
                },
                "totalNumberOfModels": 1
            },
            "modelProfiles": {
                "Land Raider": {
                    "name": "Land Raider",
                    "m": "*",
                    "ws": "6+",
                    "bs": "*",
                    "s": "8",
                    "t": "8",
                    "w": "16",
                    "a": "*",
                    "ld": "9",
                    "sv": "2+"
                }
            },
            "weapons": {
                "Twin Heavy Bolter": {
                    "name": "Twin Heavy Bolter",
                    "range": "36\"",
                    "type": "Heavy 6",
                    "s": "5",
                    "ap": "-1",
                    "d": "1",
                    "abilities": "-"
                },
                "Twin Lascannon": {
                    "name": "Twin Lascannon",
                    "range": "48\"",
                    "type": "Heavy 2",
                    "s": "9",
                    "ap": "-3",
                    "d": "D6",
                    "abilities": "-"
                }
            },
            "rules": [
                "Explodes (D6)"
            ],
            "uuid": "00000000",
            "unassignedWeapons": [],
            "pl": 15,
            "isSingleModel": true,
            "woundTrack": {
                "Land Raider": {
                    "9-16+": [
                        "10\"",
                        "3+",
                        "6"
                    ],
                    "5-8": [
                        "5\"",
                        "4+",
                        "D6"
                    ],
                    "1-4": [
                        "3\"",
                        "5+",
                        "D3"
                    ]
                }
            }
        }
    },
    "order": [
        "00000000"
    ]
}
